.next/types/validator.ts(42,39): error TS2307: Cannot find module '../../src/app/page.js' or its corresponding type declarations.
prisma/seed.ts(72,13): error TS2353: Object literal may only specify known properties, and 'creditDays' does not exist in type '(Without<CustomerCreateInput, CustomerUncheckedCreateInput> & CustomerUncheckedCreateInput) | (Without<...> & CustomerCreateInput)'.
src/components/customers/CustomerForm.tsx(29,9): error TS2322: Type 'Resolver<{ name: string; nameUrdu?: string | undefined; phone?: string | undefined; address?: string | undefined; email?: string | undefined; creditLimit?: unknown; openingBalance?: unknown; isBadDebt?: boolean | undefined; }, any, { ...; }>' is not assignable to type 'Resolver<{ name: string; isBadDebt: boolean; nameUrdu?: string | undefined; phone?: string | undefined; address?: string | undefined; email?: string | undefined; creditLimit?: number | undefined; openingBalance?: number | undefined; }, any, { ...; }>'.
  Types of parameters 'options' and 'options' are incompatible.
    Type 'ResolverOptions<{ name: string; isBadDebt: boolean; nameUrdu?: string | undefined; phone?: string | undefined; address?: string | undefined; email?: string | undefined; creditLimit?: number | undefined; openingBalance?: number | undefined; }>' is not assignable to type 'ResolverOptions<{ name: string; nameUrdu?: string | undefined; phone?: string | undefined; address?: string | undefined; email?: string | undefined; creditLimit?: unknown; openingBalance?: unknown; isBadDebt?: boolean | undefined; }>'.
      Type 'boolean | undefined' is not assignable to type 'boolean'.
        Type 'undefined' is not assignable to type 'boolean'.
src/components/customers/CustomerForm.tsx(75,51): error TS2345: Argument of type '(data: CustomerFormValues) => Promise<void>' is not assignable to parameter of type 'SubmitHandler<TFieldValues>'.
  Types of parameters 'data' and 'data' are incompatible.
    Type 'TFieldValues' is not assignable to type '{ name: string; isBadDebt: boolean; nameUrdu?: string | undefined; phone?: string | undefined; address?: string | undefined; email?: string | undefined; creditLimit?: number | undefined; openingBalance?: number | undefined; }'.
      Type 'FieldValues' is missing the following properties from type '{ name: string; isBadDebt: boolean; nameUrdu?: string | undefined; phone?: string | undefined; address?: string | undefined; email?: string | undefined; creditLimit?: number | undefined; openingBalance?: number | undefined; }': name, isBadDebt
